// Jest Snapshot v1, https://goo.gl/fbAQLP

exports[`template function should return page template 1`] = `
"<!DOCTYPE html>
        <html>
            <head>
                <meta charset=\\"UTF-8\\">
                <style>
                    * {
                        margin: 0;
                        padding: 0;
                    }
                    html, body {
                        width: 100%;
                        height: 100%;
                    }
                    #map {
                        display: block;
                        width: 100%;
                        height: 100%;
                    }
                </style>
                <script src=\\"https://api-maps.yandex.ru/2.1/?lang=tr_TR\\" type=\\"text/javascript\\"></script>
                <script type=\\"text/javascript\\">
                    ymaps.ready(init);
                    var myMap;

                    function init(){     
                        myMap = new ymaps.Map(\\"map\\", {
                            center: [41.008857, 28.96747],
                            zoom: 9,
                            controls: []
                        });
                    }
                </script>
            </head>
            <body>
                    <div id=\\"map\\"></div>
            </body>
        </html>"
`;
